===== scene0568_02 2026-04-23T20:23:38+08:00 =====

0it [00:00, ?it/s]
1it [00:00,  1.89it/s]
6it [00:00,  9.52it/s]
11it [00:00, 15.22it/s]
16it [00:01, 19.32it/s]
21it [00:01, 17.49it/s]
26it [00:01, 20.74it/s]
31it [00:01, 21.77it/s]
36it [00:01, 23.87it/s]
36it [00:01, 18.33it/s]

[INFO] Pointcloud geometric feature extractor model has been loaded from: third_party/FCGF/model/ResUNetBN2C-16feat-3conv.pth

At frame_10, number of mask with geometric feature: 6 --> 7, takes 0.0086 s
Finish merging at frame_10 ! Current merged mask number = 23

At frame_20, number of mask with geometric feature: 15 --> 21, takes 0.0158 s
Finish merging at frame_20 ! Current merged mask number = 34

At frame_30, number of mask with geometric feature: 29 --> 36, takes 0.0215 s
Finish merging at frame_30 ! Current merged mask number = 41
################ Begin to save final ckpt and seg mesh/pointcloud...
Segmented instances result was saved to: /home/nebula/xxy/duograph3d_artifacts/onlineanyseg_official_subset20_sparse_20260423/output/scene0568_02/ckpt_final.npz
Input sequence finished !

