===== scene0575_01 2026-04-23T20:25:04+08:00 =====

0it [00:00, ?it/s]
1it [00:00,  2.00it/s]
6it [00:00, 11.24it/s]
11it [00:00, 14.06it/s]
16it [00:01, 18.81it/s]
21it [00:01, 20.59it/s]
26it [00:01, 23.38it/s]
31it [00:01, 20.52it/s]
36it [00:01, 23.10it/s]
41it [00:02, 23.24it/s]
46it [00:02, 25.95it/s]
51it [00:02, 21.69it/s]
56it [00:02, 20.62it/s]
61it [00:03, 19.78it/s]
66it [00:03, 21.90it/s]
71it [00:03, 21.58it/s]
76it [00:03, 20.81it/s]
77it [00:03, 20.17it/s]

[INFO] Pointcloud geometric feature extractor model has been loaded from: third_party/FCGF/model/ResUNetBN2C-16feat-3conv.pth

At frame_10, number of mask with geometric feature: 16 --> 16, takes 0.0117 s
Finish merging at frame_10 ! Current merged mask number = 28

At frame_20, number of mask with geometric feature: 22 --> 26, takes 0.0179 s
Finish merging at frame_20 ! Current merged mask number = 37

At frame_30, number of mask with geometric feature: 30 --> 38, takes 0.0235 s
Finish merging at frame_30 ! Current merged mask number = 44

At frame_40, number of mask with geometric feature: 42 --> 49, takes 0.0254 s
Finish merging at frame_40 ! Current merged mask number = 49

At frame_50, number of mask with geometric feature: 53 --> 55, takes 0.0296 s
Finish merging at frame_50 ! Current merged mask number = 44

At frame_60, number of mask with geometric feature: 40 --> 44, takes 0.0274 s
Finish merging at frame_60 ! Current merged mask number = 52

At frame_70, number of mask with geometric feature: 50 --> 52, takes 0.0300 s
Finish merging at frame_70 ! Current merged mask number = 51
################ Begin to save final ckpt and seg mesh/pointcloud...
[1;33m[Open3D WARNING] Write Ply clamped color value to valid range[0;m
Segmented instances result was saved to: /home/nebula/xxy/duograph3d_artifacts/onlineanyseg_official_subset20_sparse_20260423/output/scene0575_01/ckpt_final.npz
[1;33m[Open3D WARNING] Write Ply clamped color value to valid range[0;m
Input sequence finished !

