===== scene0568_01 2026-04-23T20:23:30+08:00 =====

0it [00:00, ?it/s]
1it [00:00,  1.74it/s]
6it [00:00,  9.56it/s]
11it [00:00, 15.58it/s]
16it [00:01, 20.03it/s]
21it [00:01, 17.46it/s]
26it [00:01, 19.65it/s]
31it [00:01, 20.48it/s]
34it [00:01, 18.20it/s]

[INFO] Pointcloud geometric feature extractor model has been loaded from: third_party/FCGF/model/ResUNetBN2C-16feat-3conv.pth

At frame_10, number of mask with geometric feature: 4 --> 8, takes 0.0095 s
Finish merging at frame_10 ! Current merged mask number = 27

At frame_20, number of mask with geometric feature: 14 --> 19, takes 0.0177 s
Finish merging at frame_20 ! Current merged mask number = 35

At frame_30, number of mask with geometric feature: 31 --> 42, takes 0.0256 s
Finish merging at frame_30 ! Current merged mask number = 47
################ Begin to save final ckpt and seg mesh/pointcloud...
Segmented instances result was saved to: /home/nebula/xxy/duograph3d_artifacts/onlineanyseg_official_subset20_sparse_20260423/output/scene0568_01/ckpt_final.npz
Input sequence finished !

