===== scene0412_01 2026-04-23T20:24:18+08:00 =====

0it [00:00, ?it/s]
1it [00:00,  2.45it/s]
6it [00:00, 13.98it/s]
11it [00:00, 21.14it/s]
16it [00:00, 26.10it/s]
21it [00:01, 25.57it/s]
26it [00:01, 30.50it/s]
31it [00:01, 29.63it/s]
34it [00:01, 26.02it/s]

[INFO] Pointcloud geometric feature extractor model has been loaded from: third_party/FCGF/model/ResUNetBN2C-16feat-3conv.pth

At frame_10, number of mask with geometric feature: 6 --> 6, takes 0.0056 s
Finish merging at frame_10 ! Current merged mask number = 22

At frame_20, number of mask with geometric feature: 13 --> 21, takes 0.0119 s
Finish merging at frame_20 ! Current merged mask number = 27

At frame_30, number of mask with geometric feature: 33 --> 36, takes 0.0190 s
Finish merging at frame_30 ! Current merged mask number = 30
################ Begin to save final ckpt and seg mesh/pointcloud...
[1;33m[Open3D WARNING] Write Ply clamped color value to valid range[0;m
Segmented instances result was saved to: /home/nebula/xxy/duograph3d_artifacts/onlineanyseg_official_subset20_sparse_20260423/output/scene0412_01/ckpt_final.npz
[1;33m[Open3D WARNING] Write Ply clamped color value to valid range[0;m
Input sequence finished !

