Loading CLIP text encoder
=== room0: prepare detections ===
{"scene": "room0", "frame_count": 400, "frames_with_observations": 400, "raw_detection_count": 17601, "kept_observation_count": 17502, "too_small_mask_count": 99, "zero_valid_depth_count": 0, "seconds": 60.551}
=== room0: load GT and assign observations ===
{"scene": "room0", "init": {"valid_eval_observations": 11990, "semantic_accuracy": 0.345788, "gt_purity": {"count": 11990, "min": 0.479167, "mean": 0.970484, "p10": 0.916667, "p50": 1.0, "p90": 1.0, "p99": 1.0, "max": 1.0}, "clip_margin": {"count": 11990, "min": 3e-06, "mean": 0.028078, "p10": 0.002908, "p50": 0.018072, "p90": 0.076786, "p99": 0.104458, "max": 0.129944}, "clip_top1_probability": {"count": 11990, "min": 0.12791, "mean": 0.732353, "p10": 0.382546, "p50": 0.782915, "p90": 0.999233, "p99": 0.999942, "max": 0.999992}, "clip_entropy": {"count": 11990, "min": 0.000159, "mean": 1.182528, "p10": 0.010222, "p50": 1.034972, "p90": 2.595937, "p99": 3.51452, "max": 4.423675}, "low_clip_margin_rate": 0.683736, "per_frame_duplicate_rate": {"count": 400, "min": 0.096774, "mean": 0.335633, "p10": 0.230769, "p50": 0.333333, "p90": 0.454545, "p99": 0.52381, "max": 0.571429}, "per_frame_overseg_factor": {"count": 400, "min": 1.107143, "mean": 1.531065, "p10": 1.3, "p50": 1.5, "p90": 1.833333, "p99": 2.1, "max": 2.333333}, "global_semantic_cell_duplicates": {"total": 11990, "unique_targets": 130, "duplicate_count": 11860, "duplicate_rate": 0.989158, "overseg_factor": 92.230769, "targets_with_duplicates": 124, "max_items_per_target": 570}}}
=== room0: run DuoGraph3D with layer monitors ===
{"scene": "room0", "layer1_dup_p50": 0.227273, "layer2_acc": 0.086533, "layer2_id_switch_rate": 0.941563, "baseline_obj_acc": 0.326087}
=== room1: prepare detections ===
{"scene": "room1", "frame_count": 400, "frames_with_observations": 400, "raw_detection_count": 10649, "kept_observation_count": 10608, "too_small_mask_count": 41, "zero_valid_depth_count": 0, "seconds": 39.769}
=== room1: load GT and assign observations ===
{"scene": "room1", "init": {"valid_eval_observations": 6150, "semantic_accuracy": 0.39561, "gt_purity": {"count": 6150, "min": 0.458333, "mean": 0.961426, "p10": 0.895833, "p50": 1.0, "p90": 1.0, "p99": 1.0, "max": 1.0}, "clip_margin": {"count": 6150, "min": 5e-06, "mean": 0.028079, "p10": 0.003105, "p50": 0.019064, "p90": 0.068553, "p99": 0.105568, "max": 0.119561}, "clip_top1_probability": {"count": 6150, "min": 0.138085, "mean": 0.756141, "p10": 0.440302, "p50": 0.798686, "p90": 0.998472, "p99": 0.999946, "max": 0.999983}, "clip_entropy": {"count": 6150, "min": 0.000328, "mean": 1.045757, "p10": 0.018256, "p50": 0.976841, "p90": 2.257207, "p99": 3.45255, "max": 4.248637}, "low_clip_margin_rate": 0.654959, "per_frame_duplicate_rate": {"count": 400, "min": 0.0, "mean": 0.358036, "p10": 0.2, "p50": 0.367544, "p90": 0.526316, "p99": 0.600154, "max": 0.65}, "per_frame_overseg_factor": {"count": 400, "min": 1.0, "mean": 1.619311, "p10": 1.25, "p50": 1.58114, "p90": 2.111111, "p99": 2.501, "max": 2.857143}, "global_semantic_cell_duplicates": {"total": 6150, "unique_targets": 88, "duplicate_count": 6062, "duplicate_rate": 0.985691, "overseg_factor": 69.886364, "targets_with_duplicates": 83, "max_items_per_target": 591}}}
=== room1: run DuoGraph3D with layer monitors ===
{"scene": "room1", "layer1_dup_p50": 0.25, "layer2_acc": 0.149494, "layer2_id_switch_rate": 0.904331, "baseline_obj_acc": 0.432432}
=== room2: prepare detections ===
{"scene": "room2", "frame_count": 400, "frames_with_observations": 400, "raw_detection_count": 11130, "kept_observation_count": 11077, "too_small_mask_count": 53, "zero_valid_depth_count": 0, "seconds": 41.192}
=== room2: load GT and assign observations ===
{"scene": "room2", "init": {"valid_eval_observations": 6527, "semantic_accuracy": 0.349778, "gt_purity": {"count": 6527, "min": 0.375, "mean": 0.952993, "p10": 0.875, "p50": 1.0, "p90": 1.0, "p99": 1.0, "max": 1.0}, "clip_margin": {"count": 6527, "min": 2e-06, "mean": 0.027787, "p10": 0.002299, "p50": 0.016523, "p90": 0.077221, "p99": 0.100121, "max": 0.114541}, "clip_top1_probability": {"count": 6527, "min": 0.108615, "mean": 0.678419, "p10": 0.324412, "p50": 0.677735, "p90": 0.999283, "p99": 0.999915, "max": 0.999979}, "clip_entropy": {"count": 6527, "min": 0.000388, "mean": 1.492732, "p10": 0.009629, "p50": 1.593456, "p90": 2.951355, "p99": 3.616388, "max": 4.280708}, "low_clip_margin_rate": 0.680251, "per_frame_duplicate_rate": {"count": 399, "min": 0.0, "mean": 0.336824, "p10": 0.1975, "p50": 0.347826, "p90": 0.467084, "p99": 0.558898, "max": 0.75}, "per_frame_overseg_factor": {"count": 399, "min": 1.0, "mean": 1.551104, "p10": 1.246154, "p50": 1.533333, "p90": 1.876471, "p99": 2.267048, "max": 4.0}, "global_semantic_cell_duplicates": {"total": 6527, "unique_targets": 87, "duplicate_count": 6440, "duplicate_rate": 0.986671, "overseg_factor": 75.022989, "targets_with_duplicates": 82, "max_items_per_target": 604}}}
=== room2: run DuoGraph3D with layer monitors ===
{"scene": "room2", "layer1_dup_p50": 0.25, "layer2_acc": 0.099738, "layer2_id_switch_rate": 0.94798, "baseline_obj_acc": 0.211538}
=== office0: prepare detections ===
{"scene": "office0", "frame_count": 400, "frames_with_observations": 400, "raw_detection_count": 15383, "kept_observation_count": 15288, "too_small_mask_count": 95, "zero_valid_depth_count": 0, "seconds": 49.08}
=== office0: load GT and assign observations ===
{"scene": "office0", "init": {"valid_eval_observations": 7008, "semantic_accuracy": 0.331621, "gt_purity": {"count": 7008, "min": 0.354167, "mean": 0.961253, "p10": 0.895833, "p50": 1.0, "p90": 1.0, "p99": 1.0, "max": 1.0}, "clip_margin": {"count": 7008, "min": 3e-06, "mean": 0.019837, "p10": 0.002175, "p50": 0.013683, "p90": 0.047969, "p99": 0.08397, "max": 0.103976}, "clip_top1_probability": {"count": 7008, "min": 0.122104, "mean": 0.628897, "p10": 0.30974, "p50": 0.610194, "p90": 0.980073, "p99": 0.999391, "max": 0.999923}, "clip_entropy": {"count": 7008, "min": 0.001232, "mean": 1.764486, "p10": 0.192114, "p50": 1.903807, "p90": 3.041939, "p99": 3.62476, "max": 4.03249}, "low_clip_margin_rate": 0.777968, "per_frame_duplicate_rate": {"count": 392, "min": 0.0, "mean": 0.388347, "p10": 0.177006, "p50": 0.384615, "p90": 0.583333, "p99": 0.7, "max": 0.727273}, "per_frame_overseg_factor": {"count": 392, "min": 1.0, "mean": 1.761624, "p10": 1.21508, "p50": 1.625, "p90": 2.4, "p99": 3.333333, "max": 3.666667}, "global_semantic_cell_duplicates": {"total": 7008, "unique_targets": 87, "duplicate_count": 6921, "duplicate_rate": 0.987586, "overseg_factor": 80.551724, "targets_with_duplicates": 84, "max_items_per_target": 858}}}
=== office0: run DuoGraph3D with layer monitors ===
{"scene": "office0", "layer1_dup_p50": 0.3, "layer2_acc": 0.095271, "layer2_id_switch_rate": 0.961771, "baseline_obj_acc": 0.325581}
=== office1: prepare detections ===
{"scene": "office1", "frame_count": 400, "frames_with_observations": 400, "raw_detection_count": 9206, "kept_observation_count": 9167, "too_small_mask_count": 39, "zero_valid_depth_count": 0, "seconds": 32.223}
=== office1: load GT and assign observations ===
{"scene": "office1", "init": {"valid_eval_observations": 5165, "semantic_accuracy": 0.273959, "gt_purity": {"count": 5165, "min": 0.3125, "mean": 0.959806, "p10": 0.895833, "p50": 1.0, "p90": 1.0, "p99": 1.0, "max": 1.0}, "clip_margin": {"count": 5165, "min": 2e-06, "mean": 0.017014, "p10": 0.001821, "p50": 0.011802, "p90": 0.037794, "p99": 0.075873, "max": 0.095416}, "clip_top1_probability": {"count": 5165, "min": 0.13815, "mean": 0.629224, "p10": 0.328467, "p50": 0.611193, "p90": 0.961176, "p99": 0.998801, "max": 0.999772}, "clip_entropy": {"count": 5165, "min": 0.003749, "mean": 1.645664, "p10": 0.29221, "p50": 1.665342, "p90": 2.899282, "p99": 3.577255, "max": 4.322547}, "low_clip_margin_rate": 0.83485, "per_frame_duplicate_rate": {"count": 400, "min": 0.0, "mean": 0.367222, "p10": 0.180303, "p50": 0.384615, "p90": 0.52381, "p99": 0.636667, "max": 0.692308}, "per_frame_overseg_factor": {"count": 400, "min": 1.0, "mean": 1.652545, "p10": 1.22, "p50": 1.625, "p90": 2.1, "p99": 2.7525, "max": 3.25}, "global_semantic_cell_duplicates": {"total": 5165, "unique_targets": 47, "duplicate_count": 5118, "duplicate_rate": 0.9909, "overseg_factor": 109.893617, "targets_with_duplicates": 46, "max_items_per_target": 566}}}
=== office1: run DuoGraph3D with layer monitors ===
{"scene": "office1", "layer1_dup_p50": 0.272727, "layer2_acc": 0.178363, "layer2_id_switch_rate": 0.881439, "baseline_obj_acc": 0.416667}
=== office2: prepare detections ===
{"scene": "office2", "frame_count": 400, "frames_with_observations": 400, "raw_detection_count": 14788, "kept_observation_count": 14674, "too_small_mask_count": 113, "zero_valid_depth_count": 1, "seconds": 49.754}
=== office2: load GT and assign observations ===
{"scene": "office2", "init": {"valid_eval_observations": 7816, "semantic_accuracy": 0.230681, "gt_purity": {"count": 7816, "min": 0.354167, "mean": 0.964986, "p10": 0.916667, "p50": 1.0, "p90": 1.0, "p99": 1.0, "max": 1.0}, "clip_margin": {"count": 7816, "min": 0.0, "mean": 0.017664, "p10": 0.002389, "p50": 0.014605, "p90": 0.03728, "p99": 0.062105, "max": 0.094014}, "clip_top1_probability": {"count": 7816, "min": 0.125636, "mean": 0.65972, "p10": 0.336985, "p50": 0.67825, "p90": 0.952893, "p99": 0.9947, "max": 0.999611}, "clip_entropy": {"count": 7816, "min": 0.005908, "mean": 1.544374, "p10": 0.350979, "p50": 1.496823, "p90": 2.858322, "p99": 3.599909, "max": 4.279743}, "low_clip_margin_rate": 0.827789, "per_frame_duplicate_rate": {"count": 400, "min": 0.1, "mean": 0.424593, "p10": 0.276667, "p50": 0.421053, "p90": 0.567143, "p99": 0.722273, "max": 0.733333}, "per_frame_overseg_factor": {"count": 400, "min": 1.111111, "mean": 1.82186, "p10": 1.382517, "p50": 1.727273, "p90": 2.310256, "p99": 3.600667, "max": 3.75}, "global_semantic_cell_duplicates": {"total": 7816, "unique_targets": 87, "duplicate_count": 7729, "duplicate_rate": 0.988869, "overseg_factor": 89.83908, "targets_with_duplicates": 79, "max_items_per_target": 672}}}
=== office2: run DuoGraph3D with layer monitors ===
{"scene": "office2", "layer1_dup_p50": 0.339081, "layer2_acc": 0.080586, "layer2_id_switch_rate": 0.965357, "baseline_obj_acc": 0.177778}
=== office3: prepare detections ===
{"scene": "office3", "frame_count": 400, "frames_with_observations": 400, "raw_detection_count": 17090, "kept_observation_count": 16816, "too_small_mask_count": 274, "zero_valid_depth_count": 0, "seconds": 54.999}
=== office3: load GT and assign observations ===
{"scene": "office3", "init": {"valid_eval_observations": 8840, "semantic_accuracy": 0.286878, "gt_purity": {"count": 8840, "min": 0.354167, "mean": 0.965365, "p10": 0.916667, "p50": 1.0, "p90": 1.0, "p99": 1.0, "max": 1.0}, "clip_margin": {"count": 8840, "min": 0.0, "mean": 0.017261, "p10": 0.002129, "p50": 0.012908, "p90": 0.037083, "p99": 0.083295, "max": 0.135205}, "clip_top1_probability": {"count": 8840, "min": 0.135775, "mean": 0.643661, "p10": 0.33926, "p50": 0.641382, "p90": 0.950521, "p99": 0.999336, "max": 0.999996}, "clip_entropy": {"count": 8840, "min": 8.6e-05, "mean": 1.591764, "p10": 0.375422, "p50": 1.55102, "p90": 2.820342, "p99": 3.509663, "max": 4.252594}, "low_clip_margin_rate": 0.840271, "per_frame_duplicate_rate": {"count": 400, "min": 0.105263, "mean": 0.419644, "p10": 0.291667, "p50": 0.428571, "p90": 0.533333, "p99": 0.60872, "max": 0.636364}, "per_frame_overseg_factor": {"count": 400, "min": 1.117647, "mean": 1.769108, "p10": 1.411765, "p50": 1.75, "p90": 2.142857, "p99": 2.555715, "max": 2.75}, "global_semantic_cell_duplicates": {"total": 8840, "unique_targets": 120, "duplicate_count": 8720, "duplicate_rate": 0.986425, "overseg_factor": 73.666667, "targets_with_duplicates": 111, "max_items_per_target": 905}}}
=== office3: run DuoGraph3D with layer monitors ===
{"scene": "office3", "layer1_dup_p50": 0.34058, "layer2_acc": 0.078619, "layer2_id_switch_rate": 0.971178, "baseline_obj_acc": 0.192982}
=== office4: prepare detections ===
{"scene": "office4", "frame_count": 400, "frames_with_observations": 400, "raw_detection_count": 13952, "kept_observation_count": 13860, "too_small_mask_count": 92, "zero_valid_depth_count": 0, "seconds": 45.691}
=== office4: load GT and assign observations ===
{"scene": "office4", "init": {"valid_eval_observations": 3695, "semantic_accuracy": 0.165359, "gt_purity": {"count": 3695, "min": 0.479167, "mean": 0.975648, "p10": 0.9375, "p50": 1.0, "p90": 1.0, "p99": 1.0, "max": 1.0}, "clip_margin": {"count": 3695, "min": 2e-06, "mean": 0.018287, "p10": 0.001919, "p50": 0.011645, "p90": 0.037356, "p99": 0.117579, "max": 0.139654}, "clip_top1_probability": {"count": 3695, "min": 0.140669, "mean": 0.615531, "p10": 0.316698, "p50": 0.594959, "p90": 0.948923, "p99": 0.999984, "max": 0.999997}, "clip_entropy": {"count": 3695, "min": 5.9e-05, "mean": 1.724029, "p10": 0.398424, "p50": 1.770146, "p90": 2.894275, "p99": 3.571964, "max": 4.149881}, "low_clip_margin_rate": 0.841678, "per_frame_duplicate_rate": {"count": 400, "min": 0.0, "mean": 0.334697, "p10": 0.0, "p50": 0.333333, "p90": 0.571429, "p99": 0.666667, "max": 0.7}, "per_frame_overseg_factor": {"count": 400, "min": 1.0, "mean": 1.628363, "p10": 1.0, "p50": 1.5, "p90": 2.333333, "p99": 3.0, "max": 3.333333}, "global_semantic_cell_duplicates": {"total": 3695, "unique_targets": 66, "duplicate_count": 3629, "duplicate_rate": 0.982138, "overseg_factor": 55.984848, "targets_with_duplicates": 57, "max_items_per_target": 485}}}
=== office4: run DuoGraph3D with layer monitors ===
{"scene": "office4", "layer1_dup_p50": 0.25, "layer2_acc": 0.095162, "layer2_id_switch_rate": 0.953191, "baseline_obj_acc": 0.117647}
/home/nebula/xxy/duograph3d_artifacts/duograph3d_conceptgraphs_gt_layer_monitor_20260426_v2/gt_layer_monitor_summary.json
/home/nebula/xxy/duograph3d_artifacts/duograph3d_conceptgraphs_gt_layer_monitor_20260426_v2/gt_layer_monitor_report.md
