Loading CLIP text encoder
=== room0: prepare ===
{"scene": "room0", "frame_count": 400, "frames_with_observations": 400, "raw_detection_count": 17601, "kept_observation_count": 17502, "key_count": 1279, "seconds": 67.871, "parameters": {"voxel_size": 0.75, "min_mask_pixels": 300, "max_points_per_obs": 48, "max_points_per_object": 4096, "temporal_variant": "temporal_naive_framewise"}, "monitor": {"mask_pixels_raw": {"count": 17601, "min": 35.0, "mean": 28866.432021, "p10": 1932.0, "p50": 10664.0, "p90": 72846.0, "p99": 257571.0, "max": 451130.0}, "mask_pixels_kept": {"count": 17502, "min": 301.0, "mean": 29028.725403, "p10": 2024.1, "p50": 10756.0, "p90": 73045.5, "p99": 257579.91, "max": 451130.0}, "confidence": {"count": 17502, "min": 0.880076, "mean": 0.96946, "p10": 0.927722, "p50": 0.976726, "p90": 1.0, "p99": 1.0, "max": 1.0}, "valid_depth_ratio": {"count": 17502, "min": 0.988732, "mean": 0.999993, "p10": 1.0, "p50": 1.0, "p90": 1.0, "p99": 1.0, "max": 1.0}, "clip_margin": {"count": 17502, "min": 3e-06, "mean": 0.025703, "p10": 0.002734, "p50": 0.016438, "p90": 0.068609, "p99": 0.101001, "max": 0.129944}, "top1_similarity": {"count": 17502, "min": 0.09624, "mean": 0.257274, "p10": 0.213751, "p50": 0.255101, "p90": 0.307579, "p99": 0.342158, "max": 0.360579}, "observations_per_frame": {"count": 400, "min": 25.0, "mean": 43.755, "p10": 32.0, "p50": 43.0, "p90": 56.1, "p99": 63.0, "max": 68.0}, "observations_per_key": {"count": 1279, "min": 1.0, "mean": 13.684128, "p10": 1.0, "p50": 4.0, "p90": 31.0, "p99": 171.22, "max": 387.0}, "label_entropy_per_key": {"count": 1279, "min": -0.0, "mean": 0.0, "p10": -0.0, "p50": -0.0, "p90": -0.0, "p99": -0.0, "max": -0.0}, "too_small_mask_count": 99, "zero_valid_depth_count": 0, "low_clip_margin_count": 12478, "low_clip_margin_rate": 0.712947, "low_valid_depth_count": 0, "low_valid_depth_rate": 0.0, "singleton_key_count": 349, "singleton_key_rate": 0.272869, "top_labels": [["blinds", 2795], ["pillow", 2725], ["sofa", 1918], ["vent", 1623], ["comforter", 842], ["picture", 782], ["monitor", 781], ["indoor-plant", 731], ["nightstand", 708], ["tv-stand", 696], ["ceiling", 569], ["floor", 458], ["stool", 438], ["door", 404], ["plant-stand", 293]]}}
=== room0: DuoGraph3D monitored ===
{"scene": "room0", "duograph_seconds": 7.575, "memory_node_count": 13695, "track_count": 1279, "track_fragmentation": 12416, "birth_reasons": {"no_candidate": 12492, "best_candidate_without_strong_identity": 1203}}
=== room0: export ===
=== room0: eval_replica ===
Using only the classes that exists in GT of this scene:  29
23 classes remains. They are:  [(1, 'basket'), (5, 'blanket'), (6, 'blinds'), (7, 'book'), (12, 'cabinet'), (13, 'candle'), (14, 'chair'), (18, 'cushion'), (24, 'indoor-plant'), (25, 'lamp'), (29, 'picture'), (30, 'pillar'), (33, 'plant-stand'), (34, 'plate'), (35, 'pot'), (38, 'sofa'), (39, 'stool'), (40, 'switch'), (41, 'table'), (46, 'vase'), (47, 'vent'), (49, 'wall-plug'), (51, 'rug')]
Loading mapping result from /home/nebula/xxy/dataset/Replica/room0/pcd_saves/full_pcd_duograph3d_gsa_parity_monitor.pkl.gz
52
{"scene_id": "room0", "miou": 21.493254431887813, "mrecall": 39.901644574559256, "mprecision": 39.037151464625545, "mf1score": 28.351548924223906, "fmiou": 46.262820215534774}
=== room1: prepare ===
{"scene": "room1", "frame_count": 400, "frames_with_observations": 400, "raw_detection_count": 10649, "kept_observation_count": 10608, "key_count": 748, "seconds": 43.124, "parameters": {"voxel_size": 0.75, "min_mask_pixels": 300, "max_points_per_obs": 48, "max_points_per_object": 4096, "temporal_variant": "temporal_naive_framewise"}, "monitor": {"mask_pixels_raw": {"count": 10649, "min": 73.0, "mean": 48544.797164, "p10": 3184.2, "p50": 13825.0, "p90": 152168.0, "p99": 425705.44, "max": 565416.0}, "mask_pixels_kept": {"count": 10608, "min": 315.0, "mean": 48731.661576, "p10": 3266.5, "p50": 13937.5, "p90": 152793.3, "p99": 425909.21, "max": 565416.0}, "confidence": {"count": 10608, "min": 0.880384, "mean": 0.975158, "p10": 0.935181, "p50": 0.98281, "p90": 1.0, "p99": 1.0, "max": 1.0}, "valid_depth_ratio": {"count": 10608, "min": 0.747885, "mean": 0.999976, "p10": 1.0, "p50": 1.0, "p90": 1.0, "p99": 1.0, "max": 1.0}, "clip_margin": {"count": 10608, "min": 0.0, "mean": 0.024178, "p10": 0.002853, "p50": 0.016271, "p90": 0.059826, "p99": 0.099564, "max": 0.119561}, "top1_similarity": {"count": 10608, "min": 0.127099, "mean": 0.258776, "p10": 0.212735, "p50": 0.25772, "p90": 0.308007, "p99": 0.341445, "max": 0.372112}, "observations_per_frame": {"count": 400, "min": 5.0, "mean": 26.52, "p10": 14.0, "p50": 27.0, "p90": 39.0, "p99": 49.0, "max": 51.0}, "observations_per_key": {"count": 748, "min": 1.0, "mean": 14.181818, "p10": 1.0, "p50": 3.0, "p90": 39.0, "p99": 178.07, "max": 277.0}, "label_entropy_per_key": {"count": 748, "min": -0.0, "mean": 0.0, "p10": -0.0, "p50": -0.0, "p90": -0.0, "p99": -0.0, "max": -0.0}, "too_small_mask_count": 41, "zero_valid_depth_count": 0, "low_clip_margin_count": 7662, "low_clip_margin_rate": 0.722285, "low_valid_depth_count": 0, "low_valid_depth_rate": 0.0, "singleton_key_count": 238, "singleton_key_rate": 0.318182, "top_labels": [["comforter", 1897], ["vent", 1295], ["nightstand", 1240], ["blinds", 1175], ["ceiling", 968], ["pillow", 647], ["picture", 603], ["monitor", 589], ["tv-stand", 556], ["floor", 275], ["indoor-plant", 192], ["other", 187], ["pillar", 171], ["door", 156], ["bed", 146]]}}
=== room1: DuoGraph3D monitored ===
{"scene": "room1", "duograph_seconds": 3.137, "memory_node_count": 7936, "track_count": 748, "track_fragmentation": 7188, "birth_reasons": {"no_candidate": 6773, "best_candidate_without_strong_identity": 1163}}
=== room1: export ===
=== room1: eval_replica ===
Using only the classes that exists in GT of this scene:  25
19 classes remains. They are:  [(1, 'basket'), (2, 'bed'), (5, 'blanket'), (6, 'blinds'), (7, 'book'), (12, 'cabinet'), (17, 'comforter'), (24, 'indoor-plant'), (25, 'lamp'), (27, 'nightstand'), (28, 'panel'), (29, 'picture'), (31, 'pillow'), (34, 'plate'), (40, 'switch'), (46, 'vase'), (47, 'vent'), (49, 'wall-plug'), (51, 'rug')]
Loading mapping result from /home/nebula/xxy/dataset/Replica/room1/pcd_saves/full_pcd_duograph3d_gsa_parity_monitor.pkl.gz
52
{"scene_id": "room1", "miou": 26.930458111516938, "mrecall": 47.81303082188395, "mprecision": 48.27021733906708, "mf1score": 35.85460361756158, "fmiou": 40.64072949234391}
=== room2: prepare ===
{"scene": "room2", "frame_count": 400, "frames_with_observations": 400, "raw_detection_count": 11130, "kept_observation_count": 11077, "key_count": 1034, "seconds": 46.326, "parameters": {"voxel_size": 0.75, "min_mask_pixels": 300, "max_points_per_obs": 48, "max_points_per_object": 4096, "temporal_variant": "temporal_naive_framewise"}, "monitor": {"mask_pixels_raw": {"count": 11130, "min": 46.0, "mean": 46045.880773, "p10": 2498.0, "p50": 15660.0, "p90": 132310.8, "p99": 404397.21, "max": 755829.0}, "mask_pixels_kept": {"count": 11077, "min": 301.0, "mean": 46265.167013, "p10": 2604.0, "p50": 15799.0, "p90": 133332.0, "p99": 404709.48, "max": 755829.0}, "confidence": {"count": 11077, "min": 0.880059, "mean": 0.97579, "p10": 0.930964, "p50": 0.986815, "p90": 1.0, "p99": 1.0, "max": 1.0}, "valid_depth_ratio": {"count": 11077, "min": 0.999507, "mean": 1.0, "p10": 1.0, "p50": 1.0, "p90": 1.0, "p99": 1.0, "max": 1.0}, "clip_margin": {"count": 11077, "min": 2e-06, "mean": 0.024039, "p10": 0.002102, "p50": 0.014802, "p90": 0.065452, "p99": 0.097199, "max": 0.114541}, "top1_similarity": {"count": 11077, "min": 0.14249, "mean": 0.253529, "p10": 0.210023, "p50": 0.251995, "p90": 0.301623, "p99": 0.336838, "max": 0.357767}, "observations_per_frame": {"count": 400, "min": 6.0, "mean": 27.6925, "p10": 20.0, "p50": 28.0, "p90": 35.1, "p99": 44.0, "max": 47.0}, "observations_per_key": {"count": 1034, "min": 1.0, "mean": 10.712766, "p10": 1.0, "p50": 3.0, "p90": 24.7, "p99": 117.36, "max": 427.0}, "label_entropy_per_key": {"count": 1034, "min": -0.0, "mean": 0.0, "p10": -0.0, "p50": -0.0, "p90": -0.0, "p99": -0.0, "max": -0.0}, "too_small_mask_count": 53, "zero_valid_depth_count": 0, "low_clip_margin_count": 8048, "low_clip_margin_rate": 0.726551, "low_valid_depth_count": 0, "low_valid_depth_rate": 0.0, "singleton_key_count": 343, "singleton_key_rate": 0.331721, "top_labels": [["blinds", 1512], ["vent", 1190], ["indoor-plant", 1069], ["comforter", 905], ["nightstand", 881], ["chair", 842], ["floor", 782], ["monitor", 769], ["picture", 607], ["door", 339], ["tv-stand", 301], ["pillow", 274], ["table", 216], ["other", 214], ["ceiling", 214]]}}
=== room2: DuoGraph3D monitored ===
{"scene": "room2", "duograph_seconds": 3.742, "memory_node_count": 8674, "track_count": 1034, "track_fragmentation": 7640, "birth_reasons": {"no_candidate": 7363, "best_candidate_without_strong_identity": 1311}}
=== room2: export ===
=== room2: eval_replica ===
Using only the classes that exists in GT of this scene:  22
16 classes remains. They are:  [(6, 'blinds'), (8, 'bottle'), (9, 'box'), (10, 'bowl'), (14, 'chair'), (24, 'indoor-plant'), (25, 'lamp'), (34, 'plate'), (36, 'sculpture'), (37, 'shelf'), (40, 'switch'), (41, 'table'), (46, 'vase'), (47, 'vent'), (49, 'wall-plug'), (51, 'rug')]
Loading mapping result from /home/nebula/xxy/dataset/Replica/room2/pcd_saves/full_pcd_duograph3d_gsa_parity_monitor.pkl.gz
52
{"scene_id": "room2", "miou": 23.202928047976457, "mrecall": 39.22466737203649, "mprecision": 50.16538583440706, "mf1score": 29.38207985948489, "fmiou": 39.70267835737895}
=== office0: prepare ===
{"scene": "office0", "frame_count": 400, "frames_with_observations": 400, "raw_detection_count": 15383, "kept_observation_count": 15288, "key_count": 1012, "seconds": 55.81, "parameters": {"voxel_size": 0.75, "min_mask_pixels": 300, "max_points_per_obs": 48, "max_points_per_object": 4096, "temporal_variant": "temporal_naive_framewise"}, "monitor": {"mask_pixels_raw": {"count": 15383, "min": 64.0, "mean": 27465.130534, "p10": 1515.2, "p50": 9938.0, "p90": 64806.0, "p99": 272857.52, "max": 671637.0}, "mask_pixels_kept": {"count": 15288, "min": 301.0, "mean": 27634.410191, "p10": 1590.7, "p50": 10057.0, "p90": 64982.1, "p99": 274139.82, "max": 671637.0}, "confidence": {"count": 15288, "min": 0.880001, "mean": 0.966343, "p10": 0.921787, "p50": 0.972271, "p90": 1.0, "p99": 1.0, "max": 1.0}, "valid_depth_ratio": {"count": 15288, "min": 0.05828, "mean": 0.996998, "p10": 1.0, "p50": 1.0, "p90": 1.0, "p99": 1.0, "max": 1.0}, "clip_margin": {"count": 15288, "min": 3e-06, "mean": 0.016944, "p10": 0.001921, "p50": 0.011972, "p90": 0.038414, "p99": 0.076166, "max": 0.103976}, "top1_similarity": {"count": 15288, "min": 0.118597, "mean": 0.244953, "p10": 0.20944, "p50": 0.245325, "p90": 0.279608, "p99": 0.314644, "max": 0.357894}, "observations_per_frame": {"count": 400, "min": 15.0, "mean": 38.22, "p10": 23.0, "p50": 39.0, "p90": 52.0, "p99": 61.01, "max": 67.0}, "observations_per_key": {"count": 1012, "min": 1.0, "mean": 15.106719, "p10": 1.0, "p50": 4.0, "p90": 39.0, "p99": 142.78, "max": 398.0}, "label_entropy_per_key": {"count": 1012, "min": -0.0, "mean": 0.0, "p10": -0.0, "p50": -0.0, "p90": -0.0, "p99": -0.0, "max": -0.0}, "too_small_mask_count": 95, "zero_valid_depth_count": 0, "low_clip_margin_count": 12754, "low_clip_margin_rate": 0.834249, "low_valid_depth_count": 43, "low_valid_depth_rate": 0.002813, "singleton_key_count": 249, "singleton_key_rate": 0.246047, "top_labels": [["vent", 2898], ["monitor", 2897], ["picture", 2218], ["nightstand", 1600], ["sofa", 1281], ["bin", 647], ["pillar", 626], ["comforter", 515], ["indoor-plant", 515], ["clock", 256], ["other", 254], ["chair", 236], ["door", 206], ["tv-stand", 174], ["floor", 141]]}}
=== office0: DuoGraph3D monitored ===
{"scene": "office0", "duograph_seconds": 6.443, "memory_node_count": 11387, "track_count": 1012, "track_fragmentation": 10375, "birth_reasons": {"no_candidate": 10072, "best_candidate_without_strong_identity": 1315}}
=== office0: export ===
=== office0: eval_replica ===
Using only the classes that exists in GT of this scene:  25
20 classes remains. They are:  [(4, 'bin'), (6, 'blinds'), (11, 'camera'), (14, 'chair'), (15, 'clock'), (21, 'desk-organizer'), (24, 'indoor-plant'), (25, 'lamp'), (28, 'panel'), (30, 'pillar'), (33, 'plant-stand'), (38, 'sofa'), (40, 'switch'), (41, 'table'), (42, 'tablet'), (43, 'tissue-paper'), (44, 'tv-screen'), (47, 'vent'), (49, 'wall-plug'), (51, 'rug')]
Loading mapping result from /home/nebula/xxy/dataset/Replica/office0/pcd_saves/full_pcd_duograph3d_gsa_parity_monitor.pkl.gz
52
{"scene_id": "office0", "miou": 16.459998681093566, "mrecall": 31.620190651156012, "mprecision": 33.25854281894863, "mf1score": 21.634804934781286, "fmiou": 28.67712315522165}
=== office1: prepare ===
{"scene": "office1", "frame_count": 400, "frames_with_observations": 400, "raw_detection_count": 9206, "kept_observation_count": 9167, "key_count": 651, "seconds": 36.903, "parameters": {"voxel_size": 0.75, "min_mask_pixels": 300, "max_points_per_obs": 48, "max_points_per_object": 4096, "temporal_variant": "temporal_naive_framewise"}, "monitor": {"mask_pixels_raw": {"count": 9206, "min": 74.0, "mean": 49228.884206, "p10": 3121.5, "p50": 17163.5, "p90": 130629.0, "p99": 440635.3, "max": 745821.0}, "mask_pixels_kept": {"count": 9167, "min": 303.0, "mean": 49437.482164, "p10": 3210.2, "p50": 17291.0, "p90": 130841.4, "p99": 441678.6, "max": 745821.0}, "confidence": {"count": 9167, "min": 0.880031, "mean": 0.973829, "p10": 0.930819, "p50": 0.982233, "p90": 1.0, "p99": 1.0, "max": 1.0}, "valid_depth_ratio": {"count": 9167, "min": 0.990007, "mean": 0.999949, "p10": 1.0, "p50": 1.0, "p90": 1.0, "p99": 1.0, "max": 1.0}, "clip_margin": {"count": 9167, "min": 0.0, "mean": 0.01506, "p10": 0.001624, "p50": 0.010439, "p90": 0.034266, "p99": 0.070624, "max": 0.095416}, "top1_similarity": {"count": 9167, "min": 0.139281, "mean": 0.257673, "p10": 0.215378, "p50": 0.255888, "p90": 0.303174, "p99": 0.330476, "max": 0.36069}, "observations_per_frame": {"count": 400, "min": 10.0, "mean": 22.9175, "p10": 15.0, "p50": 22.0, "p90": 33.0, "p99": 40.0, "max": 43.0}, "observations_per_key": {"count": 651, "min": 1.0, "mean": 14.081413, "p10": 1.0, "p50": 4.0, "p90": 35.0, "p99": 154.0, "max": 419.0}, "label_entropy_per_key": {"count": 651, "min": -0.0, "mean": 0.0, "p10": -0.0, "p50": -0.0, "p90": -0.0, "p99": -0.0, "max": -0.0}, "too_small_mask_count": 39, "zero_valid_depth_count": 0, "low_clip_margin_count": 7954, "low_clip_margin_rate": 0.867678, "low_valid_depth_count": 0, "low_valid_depth_rate": 0.0, "singleton_key_count": 160, "singleton_key_rate": 0.245776, "top_labels": [["comforter", 1298], ["monitor", 1210], ["pillow", 1159], ["vent", 1032], ["nightstand", 795], ["picture", 793], ["other", 571], ["bin", 420], ["switch", 273], ["sofa", 266], ["pillar", 217], ["cloth", 200], ["clock", 146], ["camera", 117], ["tv-screen", 99]]}}
=== office1: DuoGraph3D monitored ===
{"scene": "office1", "duograph_seconds": 2.861, "memory_node_count": 6802, "track_count": 651, "track_fragmentation": 6151, "birth_reasons": {"no_candidate": 5682, "best_candidate_without_strong_identity": 1120}}
=== office1: export ===
=== office1: eval_replica ===
Using only the classes that exists in GT of this scene:  23
18 classes remains. They are:  [(4, 'bin'), (5, 'blanket'), (6, 'blinds'), (8, 'bottle'), (14, 'chair'), (16, 'cloth'), (20, 'desk'), (21, 'desk-organizer'), (25, 'lamp'), (26, 'monitor'), (28, 'panel'), (30, 'pillar'), (31, 'pillow'), (40, 'switch'), (41, 'table'), (43, 'tissue-paper'), (47, 'vent'), (49, 'wall-plug')]
Loading mapping result from /home/nebula/xxy/dataset/Replica/office1/pcd_saves/full_pcd_duograph3d_gsa_parity_monitor.pkl.gz
52
{"scene_id": "office1", "miou": 10.058012001940773, "mrecall": 26.11462488873965, "mprecision": 27.84305488069852, "mf1score": 13.50412456138755, "fmiou": 12.993050106221423}
=== office2: prepare ===
{"scene": "office2", "frame_count": 400, "frames_with_observations": 400, "raw_detection_count": 14788, "kept_observation_count": 14674, "key_count": 1252, "seconds": 58.21, "parameters": {"voxel_size": 0.75, "min_mask_pixels": 300, "max_points_per_obs": 48, "max_points_per_object": 4096, "temporal_variant": "temporal_naive_framewise"}, "monitor": {"mask_pixels_raw": {"count": 14788, "min": 53.0, "mean": 34500.453882, "p10": 2144.0, "p50": 8718.5, "p90": 91127.2, "p99": 400940.61, "max": 688835.0}, "mask_pixels_kept": {"count": 14674, "min": 301.0, "mean": 34766.08682, "p10": 2269.2, "p50": 8811.0, "p90": 92176.6, "p99": 401503.41, "max": 688835.0}, "confidence": {"count": 14674, "min": 0.880025, "mean": 0.9714, "p10": 0.927368, "p50": 0.979853, "p90": 1.0, "p99": 1.0, "max": 1.0}, "valid_depth_ratio": {"count": 14674, "min": 3.7e-05, "mean": 0.986251, "p10": 1.0, "p50": 1.0, "p90": 1.0, "p99": 1.0, "max": 1.0}, "clip_margin": {"count": 14674, "min": 0.0, "mean": 0.016727, "p10": 0.001979, "p50": 0.012398, "p90": 0.036992, "p99": 0.071849, "max": 0.128477}, "top1_similarity": {"count": 14674, "min": 0.135063, "mean": 0.250002, "p10": 0.216304, "p50": 0.249867, "p90": 0.284277, "p99": 0.311543, "max": 0.367578}, "observations_per_frame": {"count": 400, "min": 8.0, "mean": 36.685, "p10": 23.0, "p50": 38.0, "p90": 48.0, "p99": 66.02, "max": 83.0}, "observations_per_key": {"count": 1252, "min": 1.0, "mean": 11.720447, "p10": 1.0, "p50": 3.0, "p90": 29.0, "p99": 130.47, "max": 302.0}, "label_entropy_per_key": {"count": 1252, "min": -0.0, "mean": 0.0, "p10": -0.0, "p50": -0.0, "p90": -0.0, "p99": -0.0, "max": -0.0}, "too_small_mask_count": 113, "zero_valid_depth_count": 1, "low_clip_margin_count": 12386, "low_clip_margin_rate": 0.844078, "low_valid_depth_count": 165, "low_valid_depth_rate": 0.011244, "singleton_key_count": 352, "singleton_key_rate": 0.28115, "top_labels": [["vent", 1949], ["sofa", 1864], ["monitor", 1712], ["pillow", 1439], ["floor", 1276], ["nightstand", 988], ["comforter", 892], ["picture", 683], ["other", 624], ["tissue-paper", 439], ["tv-stand", 417], ["blanket", 251], ["switch", 234], ["desk-organizer", 231], ["cloth", 216]]}}
=== office2: DuoGraph3D monitored ===
{"scene": "office2", "duograph_seconds": 7.243, "memory_node_count": 11620, "track_count": 1252, "track_fragmentation": 10368, "birth_reasons": {"no_candidate": 10304, "best_candidate_without_strong_identity": 1316}}
=== office2: export ===
=== office2: eval_replica ===
Using only the classes that exists in GT of this scene:  22
16 classes remains. They are:  [(4, 'bin'), (8, 'bottle'), (11, 'camera'), (14, 'chair'), (15, 'clock'), (18, 'cushion'), (25, 'lamp'), (28, 'panel'), (38, 'sofa'), (39, 'stool'), (41, 'table'), (42, 'tablet'), (43, 'tissue-paper'), (44, 'tv-screen'), (47, 'vent'), (49, 'wall-plug')]
Loading mapping result from /home/nebula/xxy/dataset/Replica/office2/pcd_saves/full_pcd_duograph3d_gsa_parity_monitor.pkl.gz
52
{"scene_id": "office2", "miou": 20.49525934708072, "mrecall": 38.31879631616175, "mprecision": 42.252465784258675, "mf1score": 27.807611520682784, "fmiou": 38.595008469816875}
=== office3: prepare ===
{"scene": "office3", "frame_count": 400, "frames_with_observations": 400, "raw_detection_count": 17090, "kept_observation_count": 16816, "key_count": 1562, "seconds": 64.294, "parameters": {"voxel_size": 0.75, "min_mask_pixels": 300, "max_points_per_obs": 48, "max_points_per_object": 4096, "temporal_variant": "temporal_naive_framewise"}, "monitor": {"mask_pixels_raw": {"count": 17090, "min": 46.0, "mean": 26728.593856, "p10": 1680.8, "p50": 8972.0, "p90": 58483.1, "p99": 326251.4, "max": 587528.0}, "mask_pixels_kept": {"count": 16816, "min": 300.0, "mean": 27160.917995, "p10": 1867.5, "p50": 9148.0, "p90": 59365.0, "p99": 329239.8, "max": 587528.0}, "confidence": {"count": 16816, "min": 0.880023, "mean": 0.971542, "p10": 0.927515, "p50": 0.98014, "p90": 1.0, "p99": 1.0, "max": 1.0}, "valid_depth_ratio": {"count": 16816, "min": 9.2e-05, "mean": 0.980912, "p10": 1.0, "p50": 1.0, "p90": 1.0, "p99": 1.0, "max": 1.0}, "clip_margin": {"count": 16816, "min": 0.0, "mean": 0.016747, "p10": 0.001884, "p50": 0.01197, "p90": 0.036983, "p99": 0.085775, "max": 0.135205}, "top1_similarity": {"count": 16816, "min": 0.107878, "mean": 0.248607, "p10": 0.21425, "p50": 0.248412, "p90": 0.284042, "p99": 0.311346, "max": 0.340608}, "observations_per_frame": {"count": 400, "min": 22.0, "mean": 42.04, "p10": 31.0, "p50": 42.0, "p90": 51.1, "p99": 57.0, "max": 63.0}, "observations_per_key": {"count": 1562, "min": 1.0, "mean": 10.765685, "p10": 1.0, "p50": 3.0, "p90": 22.0, "p99": 146.39, "max": 411.0}, "label_entropy_per_key": {"count": 1562, "min": -0.0, "mean": 0.0, "p10": -0.0, "p50": -0.0, "p90": -0.0, "p99": -0.0, "max": -0.0}, "too_small_mask_count": 274, "zero_valid_depth_count": 0, "low_clip_margin_count": 14124, "low_clip_margin_rate": 0.839914, "low_valid_depth_count": 281, "low_valid_depth_rate": 0.01671, "singleton_key_count": 469, "singleton_key_rate": 0.300256, "top_labels": [["vent", 3007], ["sofa", 2436], ["monitor", 2401], ["pillow", 1166], ["comforter", 898], ["floor", 847], ["picture", 719], ["desk-organizer", 668], ["tv-stand", 479], ["blinds", 466], ["chair", 380], ["ceiling", 377], ["door", 340], ["other", 333], ["tissue-paper", 325]]}}
=== office3: DuoGraph3D monitored ===
{"scene": "office3", "duograph_seconds": 9.271, "memory_node_count": 13778, "track_count": 1562, "track_fragmentation": 12216, "birth_reasons": {"no_candidate": 12418, "best_candidate_without_strong_identity": 1360}}
=== office3: export ===
=== office3: eval_replica ===
Using only the classes that exists in GT of this scene:  27
21 classes remains. They are:  [(3, 'bench'), (4, 'bin'), (6, 'blinds'), (8, 'bottle'), (9, 'box'), (11, 'camera'), (14, 'chair'), (15, 'clock'), (18, 'cushion'), (21, 'desk-organizer'), (25, 'lamp'), (28, 'panel'), (32, 'pipe'), (38, 'sofa'), (40, 'switch'), (41, 'table'), (42, 'tablet'), (43, 'tissue-paper'), (45, 'tv-stand'), (47, 'vent'), (49, 'wall-plug')]
Loading mapping result from /home/nebula/xxy/dataset/Replica/office3/pcd_saves/full_pcd_duograph3d_gsa_parity_monitor.pkl.gz
52
{"scene_id": "office3", "miou": 9.793513008792486, "mrecall": 37.24090144304292, "mprecision": 22.936118856471563, "mf1score": 14.108632510358149, "fmiou": 24.73800707082895}
=== office4: prepare ===
{"scene": "office4", "frame_count": 400, "frames_with_observations": 400, "raw_detection_count": 13952, "kept_observation_count": 13860, "key_count": 1578, "seconds": 50.934, "parameters": {"voxel_size": 0.75, "min_mask_pixels": 300, "max_points_per_obs": 48, "max_points_per_object": 4096, "temporal_variant": "temporal_naive_framewise"}, "monitor": {"mask_pixels_raw": {"count": 13952, "min": 40.0, "mean": 34799.981006, "p10": 1836.2, "p50": 8079.0, "p90": 96864.1, "p99": 399896.01, "max": 730481.0}, "mask_pixels_kept": {"count": 13860, "min": 302.0, "mean": 35029.570491, "p10": 1929.9, "p50": 8148.0, "p90": 97525.4, "p99": 400168.14, "max": 730481.0}, "confidence": {"count": 13860, "min": 0.880005, "mean": 0.97016, "p10": 0.926891, "p50": 0.977241, "p90": 1.0, "p99": 1.0, "max": 1.0}, "valid_depth_ratio": {"count": 13860, "min": 0.994873, "mean": 0.999998, "p10": 1.0, "p50": 1.0, "p90": 1.0, "p99": 1.0, "max": 1.0}, "clip_margin": {"count": 13860, "min": 2e-06, "mean": 0.015647, "p10": 0.001664, "p50": 0.010424, "p90": 0.035603, "p99": 0.085273, "max": 0.139654}, "top1_similarity": {"count": 13860, "min": 0.12406, "mean": 0.249033, "p10": 0.216077, "p50": 0.249083, "p90": 0.281221, "p99": 0.311994, "max": 0.350998}, "observations_per_frame": {"count": 400, "min": 12.0, "mean": 34.65, "p10": 24.0, "p50": 35.0, "p90": 46.1, "p99": 52.01, "max": 54.0}, "observations_per_key": {"count": 1578, "min": 1.0, "mean": 8.78327, "p10": 1.0, "p50": 3.0, "p90": 22.0, "p99": 90.38, "max": 263.0}, "label_entropy_per_key": {"count": 1578, "min": -0.0, "mean": 0.0, "p10": -0.0, "p50": -0.0, "p90": -0.0, "p99": -0.0, "max": -0.0}, "too_small_mask_count": 92, "zero_valid_depth_count": 0, "low_clip_margin_count": 11917, "low_clip_margin_rate": 0.859812, "low_valid_depth_count": 0, "low_valid_depth_rate": 0.0, "singleton_key_count": 508, "singleton_key_rate": 0.321926, "top_labels": [["vent", 3537], ["monitor", 2948], ["picture", 1073], ["floor", 894], ["comforter", 670], ["blinds", 638], ["nightstand", 388], ["chair", 364], ["sofa", 363], ["other", 340], ["switch", 306], ["ceiling", 249], ["tissue-paper", 229], ["cloth", 220], ["stool", 213]]}}
=== office4: DuoGraph3D monitored ===
{"scene": "office4", "duograph_seconds": 6.695, "memory_node_count": 11252, "track_count": 1578, "track_fragmentation": 9674, "birth_reasons": {"no_candidate": 9918, "best_candidate_without_strong_identity": 1334}}
=== office4: export ===
=== office4: eval_replica ===
Using only the classes that exists in GT of this scene:  16
10 classes remains. They are:  [(3, 'bench'), (4, 'bin'), (11, 'camera'), (14, 'chair'), (15, 'clock'), (25, 'lamp'), (28, 'panel'), (41, 'table'), (44, 'tv-screen'), (47, 'vent')]
Loading mapping result from /home/nebula/xxy/dataset/Replica/office4/pcd_saves/full_pcd_duograph3d_gsa_parity_monitor.pkl.gz
52
{"scene_id": "office4", "miou": 36.53371739201248, "mrecall": 54.7750860452652, "mprecision": 50.78725044615566, "mf1score": 44.92304141461009, "fmiou": 41.10791251894364}
/home/nebula/xxy/duograph3d_artifacts/duograph3d_conceptgraphs_monitored_20260426/merge_monitor_summary.json
/home/nebula/xxy/duograph3d_artifacts/duograph3d_conceptgraphs_monitored_20260426/merge_monitor_report.md
