Loading CLIP text encoder
=== room0: prepare ===
{"scene": "room0", "frame_count": 400, "frames_with_observations": 400, "raw_detection_count": 17601, "kept_observation_count": 12835, "key_count": 1498, "seconds": 68.904, "parameters": {"voxel_size": 0.2, "min_mask_pixels": 300, "mask_conf_threshold": 0.95, "max_bbox_area_ratio": 0.5, "min_valid_depth_points": 16, "class_agnostic_identity_token": "item", "max_points_per_obs": 160, "max_points_per_object": 4096, "temporal_variant": "temporal_naive_framewise"}, "monitor": {"mask_pixels_raw": {"count": 17601, "min": 1.0, "mean": 17432.107551, "p10": 925.0, "p50": 7233.0, "p90": 41088.0, "p99": 167389.0, "max": 377300.0}, "mask_pixels_kept": {"count": 12835, "min": 301.0, "mean": 19046.910635, "p10": 1901.6, "p50": 9313.0, "p90": 45243.0, "p99": 151891.34, "max": 232419.0}, "confidence": {"count": 12835, "min": 0.950003, "mean": 0.981781, "p10": 0.959437, "p50": 0.983532, "p90": 1.0, "p99": 1.0, "max": 1.0}, "valid_depth_ratio": {"count": 12835, "min": 0.988732, "mean": 0.999986, "p10": 1.0, "p50": 1.0, "p90": 1.0, "p99": 1.0, "max": 1.0}, "clip_margin": {"count": 12835, "min": 3e-06, "mean": 0.027364, "p10": 0.002876, "p50": 0.017155, "p90": 0.074788, "p99": 0.103331, "max": 0.129944}, "top1_similarity": {"count": 12835, "min": 0.09624, "mean": 0.261037, "p10": 0.216702, "p50": 0.25802, "p90": 0.313567, "p99": 0.344047, "max": 0.360579}, "observations_per_frame": {"count": 400, "min": 16.0, "mean": 32.0875, "p10": 24.0, "p50": 31.0, "p90": 41.0, "p99": 49.0, "max": 53.0}, "observations_per_key": {"count": 1498, "min": 1.0, "mean": 8.568091, "p10": 1.0, "p50": 3.0, "p90": 18.0, "p99": 106.0, "max": 202.0}, "label_entropy_per_key": {"count": 1498, "min": -0.0, "mean": 0.519399, "p10": -0.0, "p50": -0.0, "p90": 1.564855, "p99": 2.282021, "max": 2.721928}, "too_small_mask_count": 572, "low_confidence_mask_count": 3787, "large_bbox_mask_count": 407, "too_few_valid_points_count": 0, "zero_valid_depth_count": 0, "low_clip_margin_count": 8890, "low_clip_margin_rate": 0.692637, "low_valid_depth_count": 0, "low_valid_depth_rate": 0.0, "mask_pixels_subtracted": 201255545, "singleton_key_count": 475, "singleton_key_rate": 0.317089, "top_labels": [["blinds", 2227], ["pillow", 2083], ["sofa", 1341], ["vent", 1239], ["comforter", 630], ["monitor", 537], ["picture", 510], ["tv-stand", 485], ["ceiling", 446], ["indoor-plant", 444], ["nightstand", 425], ["stool", 379], ["door", 342], ["floor", 283], ["tissue-paper", 201]]}}
=== room0: DuoGraph3D monitored ===
{"scene": "room0", "duograph_seconds": 6.06, "memory_node_count": 11871, "track_count": 1498, "track_fragmentation": 10373, "birth_reasons": {"no_candidate": 10607, "best_candidate_without_strong_identity": 1264}}
=== room0: export ===
ConceptGraphs-style postprocess before denoise/filter/merge: 1498
Before filtering: 1498
After filtering: 782
Before merging: 782
After merging: 306
=== room0: eval_replica ===
Using only the classes that exists in GT of this scene:  29
23 classes remains. They are:  [(1, 'basket'), (5, 'blanket'), (6, 'blinds'), (7, 'book'), (12, 'cabinet'), (13, 'candle'), (14, 'chair'), (18, 'cushion'), (24, 'indoor-plant'), (25, 'lamp'), (29, 'picture'), (30, 'pillar'), (33, 'plant-stand'), (34, 'plate'), (35, 'pot'), (38, 'sofa'), (39, 'stool'), (40, 'switch'), (41, 'table'), (46, 'vase'), (47, 'vent'), (49, 'wall-plug'), (51, 'rug')]
Loading mapping result from /home/nebula/xxy/dataset/Replica/room0/pcd_saves/full_pcd_duograph3d_gsa_engineered_monitor.pkl.gz
52
{"scene_id": "room0", "miou": 25.249712474887136, "mrecall": 39.768702135947734, "mprecision": 40.78419091908828, "mf1score": 31.115472285753494, "fmiou": 45.059015361883745}
=== room1: prepare ===
{"scene": "room1", "frame_count": 400, "frames_with_observations": 400, "raw_detection_count": 10649, "kept_observation_count": 8054, "key_count": 1073, "seconds": 43.514, "parameters": {"voxel_size": 0.2, "min_mask_pixels": 300, "mask_conf_threshold": 0.95, "max_bbox_area_ratio": 0.5, "min_valid_depth_points": 16, "class_agnostic_identity_token": "item", "max_points_per_obs": 160, "max_points_per_object": 4096, "temporal_variant": "temporal_naive_framewise"}, "monitor": {"mask_pixels_raw": {"count": 10649, "min": 2.0, "mean": 29646.963752, "p10": 1337.8, "p50": 9158.0, "p90": 84140.8, "p99": 278640.8, "max": 438081.0}, "mask_pixels_kept": {"count": 8054, "min": 300.0, "mean": 29100.073007, "p10": 3114.2, "p50": 11793.5, "p90": 79387.4, "p99": 226075.71, "max": 306976.0}, "confidence": {"count": 8054, "min": 0.950002, "mean": 0.984412, "p10": 0.96158, "p50": 0.986852, "p90": 1.0, "p99": 1.0, "max": 1.0}, "valid_depth_ratio": {"count": 8054, "min": 0.980989, "mean": 0.999998, "p10": 1.0, "p50": 1.0, "p90": 1.0, "p99": 1.0, "max": 1.0}, "clip_margin": {"count": 8054, "min": 4e-06, "mean": 0.024098, "p10": 0.00281, "p50": 0.015858, "p90": 0.060314, "p99": 0.102529, "max": 0.119561}, "top1_similarity": {"count": 8054, "min": 0.127099, "mean": 0.260348, "p10": 0.215405, "p50": 0.258598, "p90": 0.31023, "p99": 0.341929, "max": 0.370906}, "observations_per_frame": {"count": 400, "min": 2.0, "mean": 20.135, "p10": 10.0, "p50": 20.5, "p90": 31.0, "p99": 37.0, "max": 40.0}, "observations_per_key": {"count": 1073, "min": 1.0, "mean": 7.506058, "p10": 1.0, "p50": 2.0, "p90": 16.0, "p99": 88.12, "max": 197.0}, "label_entropy_per_key": {"count": 1073, "min": -0.0, "mean": 0.393477, "p10": -0.0, "p50": -0.0, "p90": 1.186695, "p99": 2.016468, "max": 2.574478}, "too_small_mask_count": 382, "low_confidence_mask_count": 1623, "large_bbox_mask_count": 590, "too_few_valid_points_count": 0, "zero_valid_depth_count": 0, "low_clip_margin_count": 5895, "low_clip_margin_rate": 0.731934, "low_valid_depth_count": 0, "low_valid_depth_rate": 0.0, "mask_pixels_subtracted": 201243028, "singleton_key_count": 375, "singleton_key_rate": 0.349487, "top_labels": [["comforter", 1422], ["vent", 1096], ["blinds", 875], ["ceiling", 850], ["nightstand", 731], ["pillow", 517], ["picture", 489], ["monitor", 449], ["tv-stand", 416], ["floor", 203], ["other", 162], ["pillar", 148], ["door", 133], ["lamp", 112], ["indoor-plant", 104]]}}
=== room1: DuoGraph3D monitored ===
{"scene": "room1", "duograph_seconds": 2.565, "memory_node_count": 7078, "track_count": 1073, "track_fragmentation": 6005, "birth_reasons": {"no_candidate": 5825, "best_candidate_without_strong_identity": 1253}}
=== room1: export ===
ConceptGraphs-style postprocess before denoise/filter/merge: 1073
Before filtering: 1073
After filtering: 520
Before merging: 520
After merging: 208
=== room1: eval_replica ===
Using only the classes that exists in GT of this scene:  25
19 classes remains. They are:  [(1, 'basket'), (2, 'bed'), (5, 'blanket'), (6, 'blinds'), (7, 'book'), (12, 'cabinet'), (17, 'comforter'), (24, 'indoor-plant'), (25, 'lamp'), (27, 'nightstand'), (28, 'panel'), (29, 'picture'), (31, 'pillow'), (34, 'plate'), (40, 'switch'), (46, 'vase'), (47, 'vent'), (49, 'wall-plug'), (51, 'rug')]
Loading mapping result from /home/nebula/xxy/dataset/Replica/room1/pcd_saves/full_pcd_duograph3d_gsa_engineered_monitor.pkl.gz
52
{"scene_id": "room1", "miou": 22.986333248646638, "mrecall": 42.96531755673258, "mprecision": 26.236750812906966, "mf1score": 27.658819900417626, "fmiou": 39.08003744707067}
=== room2: prepare ===
{"scene": "room2", "frame_count": 400, "frames_with_observations": 400, "raw_detection_count": 11130, "kept_observation_count": 8276, "key_count": 1164, "seconds": 44.584, "parameters": {"voxel_size": 0.2, "min_mask_pixels": 300, "mask_conf_threshold": 0.95, "max_bbox_area_ratio": 0.5, "min_valid_depth_points": 16, "class_agnostic_identity_token": "item", "max_points_per_obs": 160, "max_points_per_object": 4096, "temporal_variant": "temporal_naive_framewise"}, "monitor": {"mask_pixels_raw": {"count": 11130, "min": 4.0, "mean": 27734.550135, "p10": 786.0, "p50": 8028.0, "p90": 72433.6, "p99": 253775.68, "max": 732537.0}, "mask_pixels_kept": {"count": 8276, "min": 300.0, "mean": 30598.272233, "p10": 2266.0, "p50": 11521.0, "p90": 81318.0, "p99": 238877.0, "max": 321047.0}, "confidence": {"count": 8276, "min": 0.950007, "mean": 0.986787, "p10": 0.962436, "p50": 0.992179, "p90": 1.0, "p99": 1.0, "max": 1.0}, "valid_depth_ratio": {"count": 8276, "min": 0.971591, "mean": 0.999994, "p10": 1.0, "p50": 1.0, "p90": 1.0, "p99": 1.0, "max": 1.0}, "clip_margin": {"count": 8276, "min": 2e-06, "mean": 0.025481, "p10": 0.002198, "p50": 0.015423, "p90": 0.069694, "p99": 0.098248, "max": 0.114541}, "top1_similarity": {"count": 8276, "min": 0.150452, "mean": 0.257828, "p10": 0.217451, "p50": 0.254955, "p90": 0.305428, "p99": 0.339171, "max": 0.357767}, "observations_per_frame": {"count": 400, "min": 4.0, "mean": 20.69, "p10": 15.0, "p50": 21.0, "p90": 27.0, "p99": 35.0, "max": 38.0}, "observations_per_key": {"count": 1164, "min": 1.0, "mean": 7.109966, "p10": 1.0, "p50": 2.5, "p90": 15.0, "p99": 71.11, "max": 243.0}, "label_entropy_per_key": {"count": 1164, "min": -0.0, "mean": 0.52534, "p10": -0.0, "p50": -0.0, "p90": 1.584963, "p99": 2.399473, "max": 3.151234}, "too_small_mask_count": 560, "low_confidence_mask_count": 1839, "large_bbox_mask_count": 455, "too_few_valid_points_count": 0, "zero_valid_depth_count": 0, "low_clip_margin_count": 5831, "low_clip_margin_rate": 0.704567, "low_valid_depth_count": 0, "low_valid_depth_rate": 0.0, "mask_pixels_subtracted": 203805110, "singleton_key_count": 380, "singleton_key_rate": 0.32646, "top_labels": [["blinds", 1243], ["vent", 932], ["indoor-plant", 757], ["comforter", 732], ["chair", 663], ["floor", 564], ["monitor", 549], ["nightstand", 544], ["picture", 399], ["door", 308], ["pillow", 239], ["ceiling", 172], ["tv-stand", 157], ["other", 146], ["table", 132]]}}
=== room2: DuoGraph3D monitored ===
{"scene": "room2", "duograph_seconds": 2.744, "memory_node_count": 7371, "track_count": 1164, "track_fragmentation": 6207, "birth_reasons": {"no_candidate": 6008, "best_candidate_without_strong_identity": 1363}}
=== room2: export ===
ConceptGraphs-style postprocess before denoise/filter/merge: 1164
Before filtering: 1164
After filtering: 582
Before merging: 582
After merging: 256
=== room2: eval_replica ===
Using only the classes that exists in GT of this scene:  22
16 classes remains. They are:  [(6, 'blinds'), (8, 'bottle'), (9, 'box'), (10, 'bowl'), (14, 'chair'), (24, 'indoor-plant'), (25, 'lamp'), (34, 'plate'), (36, 'sculpture'), (37, 'shelf'), (40, 'switch'), (41, 'table'), (46, 'vase'), (47, 'vent'), (49, 'wall-plug'), (51, 'rug')]
Loading mapping result from /home/nebula/xxy/dataset/Replica/room2/pcd_saves/full_pcd_duograph3d_gsa_engineered_monitor.pkl.gz
52
{"scene_id": "room2", "miou": 24.614715792216657, "mrecall": 40.2745480073861, "mprecision": 44.07992799533531, "mf1score": 29.91942932210937, "fmiou": 37.07933738196861}
=== office0: prepare ===
{"scene": "office0", "frame_count": 400, "frames_with_observations": 400, "raw_detection_count": 15383, "kept_observation_count": 10682, "key_count": 1155, "seconds": 52.015, "parameters": {"voxel_size": 0.2, "min_mask_pixels": 300, "mask_conf_threshold": 0.95, "max_bbox_area_ratio": 0.5, "min_valid_depth_points": 16, "class_agnostic_identity_token": "item", "max_points_per_obs": 160, "max_points_per_object": 4096, "temporal_variant": "temporal_naive_framewise"}, "monitor": {"mask_pixels_raw": {"count": 15383, "min": 0.0, "mean": 18706.086784, "p10": 788.0, "p50": 6566.0, "p90": 44633.4, "p99": 216394.94, "max": 444946.0}, "mask_pixels_kept": {"count": 10682, "min": 301.0, "mean": 21091.703707, "p10": 1402.0, "p50": 9628.5, "p90": 51275.3, "p99": 171071.04, "max": 331902.0}, "confidence": {"count": 10682, "min": 0.950003, "mean": 0.981198, "p10": 0.95789, "p50": 0.983406, "p90": 1.0, "p99": 1.0, "max": 1.0}, "valid_depth_ratio": {"count": 10682, "min": 0.05828, "mean": 0.996488, "p10": 1.0, "p50": 1.0, "p90": 1.0, "p99": 1.0, "max": 1.0}, "clip_margin": {"count": 10682, "min": 3e-06, "mean": 0.017346, "p10": 0.001918, "p50": 0.012368, "p90": 0.039115, "p99": 0.076679, "max": 0.103976}, "top1_similarity": {"count": 10682, "min": 0.118597, "mean": 0.247031, "p10": 0.21092, "p50": 0.247727, "p90": 0.281787, "p99": 0.316084, "max": 0.357894}, "observations_per_frame": {"count": 400, "min": 8.0, "mean": 26.705, "p10": 16.0, "p50": 27.0, "p90": 37.0, "p99": 42.0, "max": 46.0}, "observations_per_key": {"count": 1155, "min": 1.0, "mean": 9.248485, "p10": 1.0, "p50": 3.0, "p90": 24.0, "p99": 82.92, "max": 131.0}, "label_entropy_per_key": {"count": 1155, "min": -0.0, "mean": 0.709059, "p10": -0.0, "p50": 0.77935, "p90": 1.685475, "p99": 2.406952, "max": 2.87666}, "too_small_mask_count": 505, "low_confidence_mask_count": 4044, "large_bbox_mask_count": 152, "too_few_valid_points_count": 0, "zero_valid_depth_count": 0, "low_clip_margin_count": 8827, "low_clip_margin_rate": 0.826343, "low_valid_depth_count": 37, "low_valid_depth_rate": 0.003464, "mask_pixels_subtracted": 134740370, "singleton_key_count": 289, "singleton_key_rate": 0.250216, "top_labels": [["monitor", 2260], ["vent", 1957], ["picture", 1270], ["nightstand", 1207], ["sofa", 998], ["bin", 474], ["comforter", 363], ["pillar", 304], ["indoor-plant", 287], ["clock", 196], ["door", 186], ["other", 176], ["chair", 171], ["tv-stand", 144], ["tv-screen", 94]]}}
=== office0: DuoGraph3D monitored ===
{"scene": "office0", "duograph_seconds": 4.939, "memory_node_count": 9735, "track_count": 1155, "track_fragmentation": 8580, "birth_reasons": {"no_candidate": 8402, "best_candidate_without_strong_identity": 1333}}
=== office0: export ===
ConceptGraphs-style postprocess before denoise/filter/merge: 1155
Before filtering: 1155
After filtering: 678
Before merging: 678
After merging: 267
=== office0: eval_replica ===
Using only the classes that exists in GT of this scene:  25
20 classes remains. They are:  [(4, 'bin'), (6, 'blinds'), (11, 'camera'), (14, 'chair'), (15, 'clock'), (21, 'desk-organizer'), (24, 'indoor-plant'), (25, 'lamp'), (28, 'panel'), (30, 'pillar'), (33, 'plant-stand'), (38, 'sofa'), (40, 'switch'), (41, 'table'), (42, 'tablet'), (43, 'tissue-paper'), (44, 'tv-screen'), (47, 'vent'), (49, 'wall-plug'), (51, 'rug')]
Loading mapping result from /home/nebula/xxy/dataset/Replica/office0/pcd_saves/full_pcd_duograph3d_gsa_engineered_monitor.pkl.gz
52
{"scene_id": "office0", "miou": 17.676997683216484, "mrecall": 29.241432481940137, "mprecision": 26.963517624782586, "mf1score": 21.94223868970008, "fmiou": 28.623211161050342}
=== office1: prepare ===
{"scene": "office1", "frame_count": 400, "frames_with_observations": 400, "raw_detection_count": 9206, "kept_observation_count": 6861, "key_count": 634, "seconds": 36.364, "parameters": {"voxel_size": 0.2, "min_mask_pixels": 300, "mask_conf_threshold": 0.95, "max_bbox_area_ratio": 0.5, "min_valid_depth_points": 16, "class_agnostic_identity_token": "item", "max_points_per_obs": 160, "max_points_per_object": 4096, "temporal_variant": "temporal_naive_framewise"}, "monitor": {"mask_pixels_raw": {"count": 9206, "min": 3.0, "mean": 32695.298175, "p10": 929.5, "p50": 11508.0, "p90": 85708.5, "p99": 296081.2, "max": 486671.0}, "mask_pixels_kept": {"count": 6861, "min": 300.0, "mean": 35192.422825, "p10": 2864.0, "p50": 15347.0, "p90": 91979.0, "p99": 269196.6, "max": 399433.0}, "confidence": {"count": 6861, "min": 0.950008, "mean": 0.985331, "p10": 0.9624, "p50": 0.988818, "p90": 1.0, "p99": 1.0, "max": 1.0}, "valid_depth_ratio": {"count": 6861, "min": 0.990007, "mean": 0.999944, "p10": 1.0, "p50": 1.0, "p90": 1.0, "p99": 1.0, "max": 1.0}, "clip_margin": {"count": 6861, "min": 0.0, "mean": 0.015189, "p10": 0.001633, "p50": 0.010564, "p90": 0.03508, "p99": 0.067348, "max": 0.091675}, "top1_similarity": {"count": 6861, "min": 0.15358, "mean": 0.258114, "p10": 0.215327, "p50": 0.256758, "p90": 0.302625, "p99": 0.328003, "max": 0.357733}, "observations_per_frame": {"count": 400, "min": 5.0, "mean": 17.1525, "p10": 11.0, "p50": 17.0, "p90": 25.0, "p99": 31.0, "max": 35.0}, "observations_per_key": {"count": 634, "min": 1.0, "mean": 10.821767, "p10": 1.0, "p50": 4.0, "p90": 24.0, "p99": 111.0, "max": 177.0}, "label_entropy_per_key": {"count": 634, "min": -0.0, "mean": 0.809885, "p10": -0.0, "p50": 0.918296, "p90": 1.861276, "p99": 2.537744, "max": 2.857394}, "too_small_mask_count": 499, "low_confidence_mask_count": 1587, "large_bbox_mask_count": 259, "too_few_valid_points_count": 0, "zero_valid_depth_count": 0, "low_clip_margin_count": 5912, "low_clip_margin_rate": 0.861682, "low_valid_depth_count": 0, "low_valid_depth_rate": 0.0, "mask_pixels_subtracted": 152208193, "singleton_key_count": 149, "singleton_key_rate": 0.235016, "top_labels": [["comforter", 965], ["pillow", 911], ["monitor", 907], ["vent", 809], ["picture", 566], ["nightstand", 551], ["other", 474], ["bin", 288], ["switch", 236], ["sofa", 173], ["cloth", 165], ["pillar", 147], ["clock", 116], ["camera", 87], ["door", 76]]}}
=== office1: DuoGraph3D monitored ===
{"scene": "office1", "duograph_seconds": 2.172, "memory_node_count": 5875, "track_count": 634, "track_fragmentation": 5241, "birth_reasons": {"no_candidate": 4751, "best_candidate_without_strong_identity": 1124}}
=== office1: export ===
ConceptGraphs-style postprocess before denoise/filter/merge: 634
Before filtering: 634
After filtering: 403
Before merging: 403
After merging: 154
=== office1: eval_replica ===
Using only the classes that exists in GT of this scene:  23
18 classes remains. They are:  [(4, 'bin'), (5, 'blanket'), (6, 'blinds'), (8, 'bottle'), (14, 'chair'), (16, 'cloth'), (20, 'desk'), (21, 'desk-organizer'), (25, 'lamp'), (26, 'monitor'), (28, 'panel'), (30, 'pillar'), (31, 'pillow'), (40, 'switch'), (41, 'table'), (43, 'tissue-paper'), (47, 'vent'), (49, 'wall-plug')]
Loading mapping result from /home/nebula/xxy/dataset/Replica/office1/pcd_saves/full_pcd_duograph3d_gsa_engineered_monitor.pkl.gz
52
{"scene_id": "office1", "miou": 12.406640706790819, "mrecall": 29.928774759173393, "mprecision": 16.33173136247529, "mf1score": 16.38162883069136, "fmiou": 13.01874338256652}
=== office2: prepare ===
{"scene": "office2", "frame_count": 400, "frames_with_observations": 400, "raw_detection_count": 14788, "kept_observation_count": 10795, "key_count": 1209, "seconds": 56.345, "parameters": {"voxel_size": 0.2, "min_mask_pixels": 300, "mask_conf_threshold": 0.95, "max_bbox_area_ratio": 0.5, "min_valid_depth_points": 16, "class_agnostic_identity_token": "item", "max_points_per_obs": 160, "max_points_per_object": 4096, "temporal_variant": "temporal_naive_framewise"}, "monitor": {"mask_pixels_raw": {"count": 14788, "min": 1.0, "mean": 20916.557006, "p10": 980.0, "p50": 6334.5, "p90": 46261.7, "p99": 268614.21, "max": 488573.0}, "mask_pixels_kept": {"count": 10795, "min": 302.0, "mean": 22423.031403, "p10": 2265.2, "p50": 8103.0, "p90": 55898.6, "p99": 231591.2, "max": 372426.0}, "confidence": {"count": 10795, "min": 0.950001, "mean": 0.983252, "p10": 0.960572, "p50": 0.985473, "p90": 1.0, "p99": 1.0, "max": 1.0}, "valid_depth_ratio": {"count": 10795, "min": 0.000274, "mean": 0.985926, "p10": 1.0, "p50": 1.0, "p90": 1.0, "p99": 1.0, "max": 1.0}, "clip_margin": {"count": 10795, "min": 0.0, "mean": 0.016515, "p10": 0.001995, "p50": 0.01268, "p90": 0.03593, "p99": 0.067173, "max": 0.128477}, "top1_similarity": {"count": 10795, "min": 0.135063, "mean": 0.251494, "p10": 0.218435, "p50": 0.251226, "p90": 0.285463, "p99": 0.313835, "max": 0.367578}, "observations_per_frame": {"count": 400, "min": 5.0, "mean": 26.9875, "p10": 16.9, "p50": 27.0, "p90": 36.0, "p99": 52.01, "max": 60.0}, "observations_per_key": {"count": 1209, "min": 1.0, "mean": 8.928867, "p10": 1.0, "p50": 3.0, "p90": 21.0, "p99": 89.84, "max": 171.0}, "label_entropy_per_key": {"count": 1209, "min": -0.0, "mean": 0.704218, "p10": -0.0, "p50": 0.658351, "p90": 1.837748, "p99": 2.638745, "max": 3.096067}, "too_small_mask_count": 599, "low_confidence_mask_count": 2896, "large_bbox_mask_count": 486, "too_few_valid_points_count": 11, "zero_valid_depth_count": 1, "low_clip_margin_count": 9141, "low_clip_margin_rate": 0.846781, "low_valid_depth_count": 142, "low_valid_depth_rate": 0.013154, "mask_pixels_subtracted": 200878667, "singleton_key_count": 358, "singleton_key_rate": 0.296112, "top_labels": [["vent", 1469], ["monitor", 1341], ["sofa", 1333], ["pillow", 1110], ["floor", 912], ["nightstand", 758], ["comforter", 672], ["picture", 493], ["other", 477], ["tissue-paper", 324], ["tv-stand", 264], ["blanket", 191], ["chair", 165], ["cloth", 163], ["switch", 144]]}}
=== office2: DuoGraph3D monitored ===
{"scene": "office2", "duograph_seconds": 5.173, "memory_node_count": 9864, "track_count": 1209, "track_fragmentation": 8655, "birth_reasons": {"no_candidate": 8540, "best_candidate_without_strong_identity": 1324}}
=== office2: export ===
ConceptGraphs-style postprocess before denoise/filter/merge: 1209
Before filtering: 1209
After filtering: 653
Before merging: 653
After merging: 328
=== office2: eval_replica ===
Using only the classes that exists in GT of this scene:  22
16 classes remains. They are:  [(4, 'bin'), (8, 'bottle'), (11, 'camera'), (14, 'chair'), (15, 'clock'), (18, 'cushion'), (25, 'lamp'), (28, 'panel'), (38, 'sofa'), (39, 'stool'), (41, 'table'), (42, 'tablet'), (43, 'tissue-paper'), (44, 'tv-screen'), (47, 'vent'), (49, 'wall-plug')]
Loading mapping result from /home/nebula/xxy/dataset/Replica/office2/pcd_saves/full_pcd_duograph3d_gsa_engineered_monitor.pkl.gz
52
{"scene_id": "office2", "miou": 16.436211149266455, "mrecall": 30.29675893485546, "mprecision": 33.91287330450723, "mf1score": 22.599106540480008, "fmiou": 37.746854546992445}
=== office3: prepare ===
{"scene": "office3", "frame_count": 400, "frames_with_observations": 400, "raw_detection_count": 17090, "kept_observation_count": 12282, "key_count": 1582, "seconds": 63.44, "parameters": {"voxel_size": 0.2, "min_mask_pixels": 300, "mask_conf_threshold": 0.95, "max_bbox_area_ratio": 0.5, "min_valid_depth_points": 16, "class_agnostic_identity_token": "item", "max_points_per_obs": 160, "max_points_per_object": 4096, "temporal_variant": "temporal_naive_framewise"}, "monitor": {"mask_pixels_raw": {"count": 17090, "min": 4.0, "mean": 17647.763195, "p10": 662.0, "p50": 5903.5, "p90": 33048.8, "p99": 254724.56, "max": 484859.0}, "mask_pixels_kept": {"count": 12282, "min": 300.0, "mean": 19842.64737, "p10": 1977.1, "p50": 8109.0, "p90": 41568.7, "p99": 224435.57, "max": 333795.0}, "confidence": {"count": 12282, "min": 0.950007, "mean": 0.98409, "p10": 0.96073, "p50": 0.98725, "p90": 1.0, "p99": 1.0, "max": 1.0}, "valid_depth_ratio": {"count": 12282, "min": 0.000475, "mean": 0.981697, "p10": 1.0, "p50": 1.0, "p90": 1.0, "p99": 1.0, "max": 1.0}, "clip_margin": {"count": 12282, "min": 0.0, "mean": 0.01703, "p10": 0.001927, "p50": 0.012171, "p90": 0.037519, "p99": 0.089795, "max": 0.135205}, "top1_similarity": {"count": 12282, "min": 0.130292, "mean": 0.250421, "p10": 0.216152, "p50": 0.250096, "p90": 0.285498, "p99": 0.312485, "max": 0.340608}, "observations_per_frame": {"count": 400, "min": 13.0, "mean": 30.705, "p10": 22.0, "p50": 31.0, "p90": 38.0, "p99": 44.01, "max": 51.0}, "observations_per_key": {"count": 1582, "min": 1.0, "mean": 7.76359, "p10": 1.0, "p50": 2.0, "p90": 16.0, "p99": 103.95, "max": 165.0}, "label_entropy_per_key": {"count": 1582, "min": -0.0, "mean": 0.582842, "p10": -0.0, "p50": -0.0, "p90": 1.628163, "p99": 2.499755, "max": 2.986441}, "too_small_mask_count": 1055, "low_confidence_mask_count": 3423, "large_bbox_mask_count": 315, "too_few_valid_points_count": 15, "zero_valid_depth_count": 0, "low_clip_margin_count": 10257, "low_clip_margin_rate": 0.835125, "low_valid_depth_count": 213, "low_valid_depth_rate": 0.017342, "mask_pixels_subtracted": 155191396, "singleton_key_count": 530, "singleton_key_rate": 0.335019, "top_labels": [["vent", 2057], ["sofa", 1911], ["monitor", 1858], ["pillow", 949], ["comforter", 704], ["floor", 545], ["picture", 518], ["desk-organizer", 492], ["blinds", 353], ["chair", 312], ["ceiling", 277], ["tv-stand", 273], ["other", 240], ["tissue-paper", 236], ["door", 235]]}}
=== office3: DuoGraph3D monitored ===
{"scene": "office3", "duograph_seconds": 6.795, "memory_node_count": 11415, "track_count": 1582, "track_fragmentation": 9833, "birth_reasons": {"no_candidate": 10138, "best_candidate_without_strong_identity": 1277}}
=== office3: export ===
ConceptGraphs-style postprocess before denoise/filter/merge: 1582
Before filtering: 1582
After filtering: 790
Before merging: 790
After merging: 403
=== office3: eval_replica ===
Using only the classes that exists in GT of this scene:  27
21 classes remains. They are:  [(3, 'bench'), (4, 'bin'), (6, 'blinds'), (8, 'bottle'), (9, 'box'), (11, 'camera'), (14, 'chair'), (15, 'clock'), (18, 'cushion'), (21, 'desk-organizer'), (25, 'lamp'), (28, 'panel'), (32, 'pipe'), (38, 'sofa'), (40, 'switch'), (41, 'table'), (42, 'tablet'), (43, 'tissue-paper'), (45, 'tv-stand'), (47, 'vent'), (49, 'wall-plug')]
Loading mapping result from /home/nebula/xxy/dataset/Replica/office3/pcd_saves/full_pcd_duograph3d_gsa_engineered_monitor.pkl.gz
52
{"scene_id": "office3", "miou": 17.63993845365587, "mrecall": 31.506167024019216, "mprecision": 22.192437983626622, "mf1score": 21.74171272471035, "fmiou": 34.00423319258231}
=== office4: prepare ===
{"scene": "office4", "frame_count": 400, "frames_with_observations": 400, "raw_detection_count": 13952, "kept_observation_count": 10269, "key_count": 1616, "seconds": 51.47, "parameters": {"voxel_size": 0.2, "min_mask_pixels": 300, "mask_conf_threshold": 0.95, "max_bbox_area_ratio": 0.5, "min_valid_depth_points": 16, "class_agnostic_identity_token": "item", "max_points_per_obs": 160, "max_points_per_object": 4096, "temporal_variant": "temporal_naive_framewise"}, "monitor": {"mask_pixels_raw": {"count": 13952, "min": 9.0, "mean": 22417.714019, "p10": 1178.1, "p50": 6079.5, "p90": 54221.6, "p99": 274725.73, "max": 605302.0}, "mask_pixels_kept": {"count": 10269, "min": 304.0, "mean": 22709.232545, "p10": 1970.4, "p50": 7333.0, "p90": 62023.6, "p99": 236191.56, "max": 330979.0}, "confidence": {"count": 10269, "min": 0.950009, "mean": 0.982687, "p10": 0.959165, "p50": 0.984945, "p90": 1.0, "p99": 1.0, "max": 1.0}, "valid_depth_ratio": {"count": 10269, "min": 0.988571, "mean": 0.999998, "p10": 1.0, "p50": 1.0, "p90": 1.0, "p99": 1.0, "max": 1.0}, "clip_margin": {"count": 10269, "min": 2e-06, "mean": 0.016193, "p10": 0.00172, "p50": 0.010588, "p90": 0.037066, "p99": 0.088029, "max": 0.139654}, "top1_similarity": {"count": 10269, "min": 0.142215, "mean": 0.251307, "p10": 0.218998, "p50": 0.250817, "p90": 0.283656, "p99": 0.313252, "max": 0.350998}, "observations_per_frame": {"count": 400, "min": 9.0, "mean": 25.6725, "p10": 17.0, "p50": 26.0, "p90": 34.0, "p99": 38.01, "max": 40.0}, "observations_per_key": {"count": 1616, "min": 1.0, "mean": 6.354579, "p10": 1.0, "p50": 2.0, "p90": 14.0, "p99": 53.85, "max": 226.0}, "label_entropy_per_key": {"count": 1616, "min": -0.0, "mean": 0.597375, "p10": -0.0, "p50": -0.0, "p90": 1.584963, "p99": 2.396726, "max": 2.786795}, "too_small_mask_count": 364, "low_confidence_mask_count": 2990, "large_bbox_mask_count": 329, "too_few_valid_points_count": 0, "zero_valid_depth_count": 0, "low_clip_margin_count": 8739, "low_clip_margin_rate": 0.851008, "low_valid_depth_count": 0, "low_valid_depth_rate": 0.0, "mask_pixels_subtracted": 172757389, "singleton_key_count": 576, "singleton_key_rate": 0.356436, "top_labels": [["vent", 2763], ["monitor", 2157], ["picture", 782], ["floor", 645], ["comforter", 504], ["blinds", 455], ["sofa", 304], ["nightstand", 298], ["other", 237], ["chair", 228], ["ceiling", 224], ["switch", 196], ["cloth", 182], ["pillar", 146], ["tissue-paper", 142]]}}
=== office4: DuoGraph3D monitored ===
{"scene": "office4", "duograph_seconds": 4.241, "memory_node_count": 9120, "track_count": 1616, "track_fragmentation": 7504, "birth_reasons": {"no_candidate": 7706, "best_candidate_without_strong_identity": 1414}}
=== office4: export ===
ConceptGraphs-style postprocess before denoise/filter/merge: 1616
Before filtering: 1616
After filtering: 754
Before merging: 754
After merging: 386
=== office4: eval_replica ===
Using only the classes that exists in GT of this scene:  16
10 classes remains. They are:  [(3, 'bench'), (4, 'bin'), (11, 'camera'), (14, 'chair'), (15, 'clock'), (25, 'lamp'), (28, 'panel'), (41, 'table'), (44, 'tv-screen'), (47, 'vent')]
Loading mapping result from /home/nebula/xxy/dataset/Replica/office4/pcd_saves/full_pcd_duograph3d_gsa_engineered_monitor.pkl.gz
52
{"scene_id": "office4", "miou": 43.82850053720176, "mrecall": 59.03607591986656, "mprecision": 54.61299213580787, "mf1score": 49.2248788267591, "fmiou": 41.1529691689143}
/home/nebula/xxy/duograph3d_artifacts/duograph3d_conceptgraphs_engineered_20260426/merge_monitor_summary.json
/home/nebula/xxy/duograph3d_artifacts/duograph3d_conceptgraphs_engineered_20260426/merge_monitor_report.md
