===== scene0568_00 2026-04-23T20:11:08+08:00 =====

0it [00:00, ?it/s]
1it [00:00,  1.92it/s]
6it [00:00,  9.80it/s]
11it [00:00, 15.62it/s]
16it [00:01, 20.13it/s]
21it [00:01, 18.28it/s]
26it [00:01, 20.52it/s]
31it [00:01, 20.68it/s]
36it [00:02, 20.64it/s]
41it [00:02, 21.16it/s]
42it [00:02, 18.44it/s]

[INFO] Pointcloud geometric feature extractor model has been loaded from: third_party/FCGF/model/ResUNetBN2C-16feat-3conv.pth

At frame_10, number of mask with geometric feature: 6 --> 10, takes 0.0094 s
Finish merging at frame_10 ! Current merged mask number = 25

At frame_20, number of mask with geometric feature: 18 --> 22, takes 0.0163 s
Finish merging at frame_20 ! Current merged mask number = 32

At frame_30, number of mask with geometric feature: 28 --> 41, takes 0.0227 s
Finish merging at frame_30 ! Current merged mask number = 38

At frame_40, number of mask with geometric feature: 40 --> 44, takes 0.0232 s
Finish merging at frame_40 ! Current merged mask number = 41
################ Begin to save final ckpt and seg mesh/pointcloud...
Segmented instances result was saved to: /home/nebula/xxy/duograph3d_artifacts/onlineanyseg_official_subset5_sparse_20260423/output/scene0568_00/ckpt_final.npz
Input sequence finished !

