===== scene0568_02 2026-04-23T20:11:24+08:00 =====

0it [00:00, ?it/s]
1it [00:00,  1.90it/s]
6it [00:00,  9.43it/s]
11it [00:00, 14.98it/s]
16it [00:01, 19.05it/s]
21it [00:01, 17.56it/s]
26it [00:01, 20.88it/s]
31it [00:01, 21.95it/s]
36it [00:01, 24.03it/s]
36it [00:01, 18.35it/s]

[INFO] Pointcloud geometric feature extractor model has been loaded from: third_party/FCGF/model/ResUNetBN2C-16feat-3conv.pth

At frame_10, number of mask with geometric feature: 6 --> 7, takes 0.0085 s
Finish merging at frame_10 ! Current merged mask number = 23

At frame_20, number of mask with geometric feature: 15 --> 21, takes 0.0157 s
Finish merging at frame_20 ! Current merged mask number = 34

At frame_30, number of mask with geometric feature: 29 --> 36, takes 0.0213 s
Finish merging at frame_30 ! Current merged mask number = 41
################ Begin to save final ckpt and seg mesh/pointcloud...
Segmented instances result was saved to: /home/nebula/xxy/duograph3d_artifacts/onlineanyseg_official_subset5_sparse_20260423/output/scene0568_02/ckpt_final.npz
Input sequence finished !

